// Jest Snapshot v1, https://goo.gl/fbAQLP

exports[`it should render the DashboardPage component 1`] = `
<div>
  DashboardPage
</div>
`;
