// Jest Snapshot v1, https://goo.gl/fbAQLP

exports[`it should render the NotFoundPage component 1`] = `
<div>
  <h1>
    404
  </h1>
  <p>
    <Link
      replace={false}
      to="/"
    >
      Home
    </Link>
  </p>
</div>
`;
